Conflicting CPU frequency values detected: 800.022000 != 2747.570000. CPU Frequency is not max.
---------------------------------------------------------------------------------------
                    RDMA_Write BW Test
 Dual-port       : OFF		Device         : mlx5_1
 Number of qps   : 1		Transport type : IB
 Connection type : RC		Using SRQ      : OFF
 PCIe relax order: ON
 ibv_wr* API     : ON
 TX depth        : 128
 CQ Moderation   : 1
 Mtu             : 4096[B]
 Link type       : Ethernet
 GID index       : 3
 Max inline data : 0[B]
 rdma_cm QPs	 : OFF
 Data ex. method : Ethernet
---------------------------------------------------------------------------------------
 local address: LID 0000 QPN 0x0994 PSN 0x6aa129 RKey 0x003356 VAddr 0x007f9433788000
 GID: 00:00:00:00:00:00:00:00:00:00:255:255:10:00:00:61
 remote address: LID 0000 QPN 0x3893 PSN 0x20d4c6 RKey 0x003e93 VAddr 0x007f9eb3b11000
 GID: 00:00:00:00:00:00:00:00:00:00:255:255:10:00:00:62
---------------------------------------------------------------------------------------
 #bytes     #iterations    BW peak[Gb/sec]    BW average[Gb/sec]   MsgRate[Mpps]    CPU_Util[%]
 1048576    46659            0.00               97.85  		   0.011665	    3.00
---------------------------------------------------------------------------------------
